---
source: crates/core/src/models/unit_price.rs
expression: "UnitPrice::sample()"
---
UnitPrice(350.0)
