---
source: crates/logic/src/models/invoice_input_data.rs
expression: "ProtoInput::sample_consulting_services()"
---
InvoiceInputDataAbstract(
  information: ProtoInvoiceInfo(
    purchase_order: "PO-12345",
    offset: TimestampedInvoiceNumber(
      offset: 237,
      month: "2017-03",
    ),
    months_off_record: MonthsOffRecord([
      "2020-09",
      "2021-03",
    ]),
    terms: "Net 30",
    footer_text: "Reverse VAT according to chapter 1 2ยง first section 4b in the VAT regulation.",
    emphasize_color_hex: "#E6007A",
  ),
  vendor: CompanyInformation(
    contact_person: Some("Ture Sventon"),
    organisation_number: "556123-4567",
    company_name: "Bra Detektiv AB",
    postal_address: PostalAddress(
      street_address: StreetAddress(
        line_1: "Storgatan 45",
        line_2: "4 tr",
      ),
      zip: "114 32",
      country: "Sweden",
      city: "Stockholm",
    ),
    vat_number: "SE556123456701",
  ),
  client: CompanyInformation(
    contact_person: Some("Sherlock Holmes"),
    organisation_number: "9876543-2101",
    company_name: "Holmes Ltd",
    postal_address: PostalAddress(
      street_address: StreetAddress(
        line_1: "221B Baker Street",
        line_2: "",
      ),
      zip: "NW1 6XE",
      country: "England",
      city: "London",
    ),
    vat_number: "GB987654321",
  ),
  payment_info: PaymentInformation(
    iban: "SE21 9000 0123 9876 5432 1009",
    bank_name: "SEB",
    bic: "ESSESESS",
    currency: "EUR",
  ),
)
